[INFO] Scanning for projects...
[INFO] 
[INFO] -----------------< com.charityconnect:charityconnect >------------------
[INFO] Building charityconnect 0.0.1-SNAPSHOT
[INFO]   from pom.xml
[INFO] --------------------------------[ jar ]---------------------------------
[INFO] 
[INFO] --- resources:3.3.1:resources (default-resources) @ charityconnect ---
[INFO] Copying 1 resource from src/main/resources to target/classes
[INFO] Copying 89 resources from src/main/resources to target/classes
[INFO] 
[INFO] --- compiler:3.14.1:compile (default-compile) @ charityconnect ---
[INFO] Nothing to compile - all classes are up to date.
[INFO] 
[INFO] --- resources:3.3.1:testResources (default-testResources) @ charityconnect ---
[INFO] skip non existing resourceDirectory /Users/azizyyy/Documents/charityconnect/src/test/resources
[INFO] 
[INFO] --- compiler:3.14.1:testCompile (default-testCompile) @ charityconnect ---
[INFO] Nothing to compile - all classes are up to date.
[INFO] 
[INFO] --- surefire:3.5.5:test (default-test) @ charityconnect ---
[INFO] Using auto detected provider org.apache.maven.surefire.junitplatform.JUnitPlatformProvider
[INFO] 
[INFO] -------------------------------------------------------
[INFO]  T E S T S
[INFO] -------------------------------------------------------
[INFO] Running com.charityconnect.controller.AuthAndSecurityWebTest
17:29:52.569 [main] INFO org.springframework.test.context.support.AnnotationConfigContextLoaderUtils -- Could not detect default configuration classes for test class [com.charityconnect.controller.AuthAndSecurityWebTest]: AuthAndSecurityWebTest does not declare any static, non-private, non-final, nested classes annotated with @Configuration.
17:29:52.657 [main] INFO org.springframework.boot.test.context.SpringBootTestContextBootstrapper -- Found @SpringBootConfiguration com.charityconnect.CharityconnectApplication for test class com.charityconnect.controller.AuthAndSecurityWebTest

  .   ____          _            __ _ _
 /\\ / ___'_ __ _ _(_)_ __  __ _ \ \ \ \
( ( )\___ | '_ | '_| | '_ \/ _` | \ \ \ \
 \\/  ___)| |_)| | | | | || (_| |  ) ) ) )
  '  |____| .__|_| |_|_| |_\__, | / / / /
 =========|_|==============|___/=/_/_/_/

 :: Spring Boot ::               (v3.5.13)

2026-05-05T17:29:52.843+01:00  INFO 19685 --- [charityconnect] [           main] c.c.controller.AuthAndSecurityWebTest    : Starting AuthAndSecurityWebTest using Java 25.0.1 with PID 19685 (started by azizyyy in /Users/azizyyy/Documents/charityconnect)
2026-05-05T17:29:52.843+01:00  INFO 19685 --- [charityconnect] [           main] c.c.controller.AuthAndSecurityWebTest    : No active profile set, falling back to 1 default profile: "default"
Mockito is currently self-attaching to enable the inline-mock-maker. This will no longer work in future releases of the JDK. Please add Mockito as an agent to your build as described in Mockito's documentation: https://javadoc.io/doc/org.mockito/mockito-core/latest/org.mockito/org/mockito/Mockito.html#0.3
OpenJDK 64-Bit Server VM warning: Sharing is only supported for boot loader classes because bootstrap classpath has been appended
WARNING: A Java agent has been loaded dynamically (/Users/azizyyy/.m2/repository/net/bytebuddy/byte-buddy-agent/1.17.8/byte-buddy-agent-1.17.8.jar)
WARNING: If a serviceability tool is in use, please run with -XX:+EnableDynamicAgentLoading to hide this warning
WARNING: If a serviceability tool is not in use, please run with -Djdk.instrument.traceUsage for more information
WARNING: Dynamic loading of agents will be disallowed by default in a future release
2026-05-05T17:29:54.029+01:00  INFO 19685 --- [charityconnect] [           main] eAuthenticationProviderManagerConfigurer : Global AuthenticationManager configured with AuthenticationProvider bean with name authenticationProvider
2026-05-05T17:29:54.029+01:00  WARN 19685 --- [charityconnect] [           main] r$InitializeUserDetailsManagerConfigurer : Global AuthenticationManager configured with an AuthenticationProvider bean. UserDetailsService beans will not be used by Spring Security for automatically configuring username/password login. Consider removing the AuthenticationProvider bean. Alternatively, consider using the UserDetailsService in a manually instantiated DaoAuthenticationProvider. If the current configuration is intentional, to turn off this warning, increase the logging level of 'org.springframework.security.config.annotation.authentication.configuration.InitializeUserDetailsBeanManagerConfigurer' to ERROR
2026-05-05T17:29:54.071+01:00  INFO 19685 --- [charityconnect] [           main] o.s.b.a.w.s.WelcomePageHandlerMapping    : Adding welcome page template: index
2026-05-05T17:29:54.286+01:00  INFO 19685 --- [charityconnect] [           main] o.s.b.t.m.w.SpringBootMockServletContext : Initializing Spring TestDispatcherServlet ''
2026-05-05T17:29:54.286+01:00  INFO 19685 --- [charityconnect] [           main] o.s.t.web.servlet.TestDispatcherServlet  : Initializing Servlet ''
2026-05-05T17:29:54.287+01:00  INFO 19685 --- [charityconnect] [           main] o.s.t.web.servlet.TestDispatcherServlet  : Completed initialization in 1 ms
2026-05-05T17:29:54.304+01:00  INFO 19685 --- [charityconnect] [           main] c.c.controller.AuthAndSecurityWebTest    : Started AuthAndSecurityWebTest in 1.615 seconds (process running for 2.115)

MockHttpServletRequest:
      HTTP Method = GET
      Request URI = /
       Parameters = {}
          Headers = []
             Body = null
    Session Attrs = {}

Handler:
             Type = com.charityconnect.controller.AuthController
           Method = com.charityconnect.controller.AuthController#home(Model, Authentication)

Async:
    Async started = false
     Async result = null

Resolved Exception:
             Type = java.lang.NullPointerException

ModelAndView:
        View name = error/500
             View = null
        Attribute = errorMessage
            value = An unexpected error occurred. Please try again.
        Attribute = path
            value = /

FlashMap:
       Attributes = null

MockHttpServletResponse:
           Status = 500
    Error message = null
          Headers = [Content-Language:"en", Content-Type:"text/html;charset=UTF-8", X-Content-Type-Options:"nosniff", X-XSS-Protection:"0", Cache-Control:"no-cache, no-store, max-age=0, must-revalidate", Pragma:"no-cache", Expires:"0", X-Frame-Options:"SAMEORIGIN"]
     Content type = text/html;charset=UTF-8
             Body = <!DOCTYPE html>
<html lang="en">
<head>
    <meta charset="UTF-8">
    <meta name="viewport" content="width=device-width, initial-scale=1.0">
    <title>500 Server Error - CharityConnect</title>
    <link rel="stylesheet" href="https://cdnjs.cloudflare.com/ajax/libs/font-awesome/6.0.0/css/all.min.css">
    <link rel="stylesheet" href="/css/common.css">
    <link rel="stylesheet" href="/css/error.css">
    <script>
        // Prevent showing cached pages when using the back button after logout
        window.addEventListener('pageshow', function(event) {
            if (event.persisted || (typeof window.performance != "undefined" && window.performance.navigation.type === 2)) {
                window.location.reload();
            }
        });
    </script>
</head>
<body>
    <header>
    <a href="/" class="logo">CharityConnect</a>

    <nav>
        <a href="/">Home</a>
        <a href="/actions">Donations</a>
        
        <a href="/about">About</a>
        <a href="/events">Events</a>
        <a href="/blog">Blog</a>
        <a href="/contact">Contact</a>
    </nav>

    <div class="header-actions">
        
        <a href="?lang=fr" class="btn-lang">Français</a>
        
        
            <a href="/login" class="btn-donate-now">Login</a>
        
    </div>
</header>
    <div class="error-container">
        <div class="error-icon">
            <i class="fas fa-exclamation-triangle"></i>
        </div>
        <h1>500</h1>
        <h2>Oops! Something went wrong</h2>
        <p>An unexpected error occurred. Please try again.</p>
        
        
        <a href="/" class="btn-home">
            <i class="fas fa-home"></i> Back to Home
        </a>

        <div class="debug-info">
            Path: <span>/</span>
        </div>
    </div>
    <footer class="main-footer">
    <div class="footer-grid">
        <div class="footer-col">
            <a href="/" class="logo" style="color: #fff; margin-bottom: 25px; display: block;">
                <i class="fas fa-heart"></i> CharityConnect
            </a>
            <p>At CharityConnect, we stand beside the forgotten and underserved. Through community projects, emergency aid, and long-term support, we aim to restore hope where it&#39;s needed most.</p>
            <div class="social-icons">
                <a href="#"><i class="fab fa-instagram"></i></a>
                <a href="#"><i class="fab fa-x-twitter"></i></a>
                <a href="#"><i class="fab fa-youtube"></i></a>
                <a href="#"><i class="fab fa-facebook"></i></a>
            </div>
        </div>
        <div class="footer-col">
            <h4>Home</h4>
            <ul>
                <li><a href="/">Home</a></li>
                <li><a href="/about">About</a></li>
                <li><a href="#">Shop</a></li>
                <li><a href="/actions">Donations</a></li>
                <li><a href="/volunteer">Volunteers</a></li>
            </ul>
        </div>
        <div class="footer-col">
            <h4>Legal</h4>
            <ul>
                <li><a href="#">Cookie Policy</a></li>
                <li><a href="#">Terms & Conditions</a></li>
                <li><a href="#">Refund and Returns Policy</a></li>
                <li><a href="#">Donation Policy</a></li>
                <li><a href="/contact">Contact</a></li>
            </ul>
        </div>
        <div class="footer-col">
            <h4>Stay Connected</h4>
            <p><i class="fas fa-phone" style="margin-right: 10px;"></i> +212 522-123456</p>
            <p><i class="fas fa-envelope" style="margin-right: 10px;"></i> contact@charityconnect.ma</p>
            <p><i class="fas fa-map-marker-alt" style="margin-right: 10px;"></i> 123 Boulevard d'Anfa, Suite 104<br>Casablanca 20000, Morocco</p>
        </div>
    </div>
    <div class="footer-bottom">
        <p>&copy; 2025 CharityConnect. <span>All rights reserved.</span> Powered by <strong>Gloria Themes</strong>.</p>
    </div>
</footer>
</body>
</html>

    Forwarded URL = null
   Redirected URL = null
          Cookies = []
[ERROR] Tests run: 8, Failures: 1, Errors: 0, Skipped: 0, Time elapsed: 2.224 s <<< FAILURE! -- in com.charityconnect.controller.AuthAndSecurityWebTest
[ERROR] com.charityconnect.controller.AuthAndSecurityWebTest.publicPagesShouldBeAccessibleWithoutAuthentication -- Time elapsed: 0.019 s <<< FAILURE!
java.lang.AssertionError: Status expected:<200> but was:<500>
	at org.springframework.test.util.AssertionErrors.fail(AssertionErrors.java:61)
	at org.springframework.test.util.AssertionErrors.assertEquals(AssertionErrors.java:128)
	at org.springframework.test.web.servlet.result.StatusResultMatchers.lambda$matcher$9(StatusResultMatchers.java:640)
	at org.springframework.test.web.servlet.MockMvc$1.andExpect(MockMvc.java:214)
	at com.charityconnect.controller.AuthAndSecurityWebTest.publicPagesShouldBeAccessibleWithoutAuthentication(AuthAndSecurityWebTest.java:162)
	at java.base/java.lang.reflect.Method.invoke(Method.java:565)
	at java.base/java.util.ArrayList.forEach(ArrayList.java:1604)
	at java.base/java.util.ArrayList.forEach(ArrayList.java:1604)

[INFO] 
[INFO] Results:
[INFO] 
[ERROR] Failures: 
[ERROR]   AuthAndSecurityWebTest.publicPagesShouldBeAccessibleWithoutAuthentication:162 Status expected:<200> but was:<500>
[INFO] 
[ERROR] Tests run: 8, Failures: 1, Errors: 0, Skipped: 0
[INFO] 
[INFO] ------------------------------------------------------------------------
[INFO] BUILD FAILURE
[INFO] ------------------------------------------------------------------------
[INFO] Total time:  3.336 s
[INFO] Finished at: 2026-05-05T17:29:54+01:00
[INFO] ------------------------------------------------------------------------
[ERROR] Failed to execute goal org.apache.maven.plugins:maven-surefire-plugin:3.5.5:test (default-test) on project charityconnect: There are test failures.
[ERROR] 
[ERROR] See /Users/azizyyy/Documents/charityconnect/target/surefire-reports for the individual test results.
[ERROR] See dump files (if any exist) [date].dump, [date]-jvmRun[N].dump and [date].dumpstream.
[ERROR] -> [Help 1]
[ERROR] 
[ERROR] To see the full stack trace of the errors, re-run Maven with the -e switch.
[ERROR] Re-run Maven using the -X switch to enable full debug logging.
[ERROR] 
[ERROR] For more information about the errors and possible solutions, please read the following articles:
[ERROR] [Help 1] http://cwiki.apache.org/confluence/display/MAVEN/MojoFailureException
